[antivirussoftwareguide.github.io/Norton/reviews/norton.html]
[backblue.gif]
[fade.gif]
[index.html]
[antivirussoftwareguide.github.io/Norton/assets/img/icon/cross.png]
[antivirussoftwareguide.github.io/Norton/assets/img/favicon/apple-icon-57x57.png]
[antivirussoftwareguide.github.io/Norton/assets/img/favicon/apple-icon-60x60.png]
[antivirussoftwareguide.github.io/Norton/assets/img/favicon/apple-icon-72x72.png]
[antivirussoftwareguide.github.io/Norton/assets/img/favicon/apple-icon-76x76.png]
[antivirussoftwareguide.github.io/Norton/assets/img/favicon/apple-icon-114x114.png]
[antivirussoftwareguide.github.io/Norton/assets/img/favicon/apple-icon-120x120.png]
[antivirussoftwareguide.github.io/Norton/assets/img/favicon/apple-icon-144x144.png]
[antivirussoftwareguide.github.io/Norton/assets/img/favicon/apple-icon-152x152.png]
[antivirussoftwareguide.github.io/Norton/assets/img/favicon/apple-icon-180x180.png]
[antivirussoftwareguide.github.io/Norton/assets/img/favicon/android-icon-192x192.png]
[antivirussoftwareguide.github.io/Norton/assets/img/favicon/favicon-32x32.png]
[antivirussoftwareguide.github.io/Norton/assets/img/favicon/favicon-96x96.png]
[antivirussoftwareguide.github.io/Norton/assets/img/favicon/favicon-16x16.png]
[antivirussoftwareguide.github.io/Norton/assets/css/frontend.min.css]
[antivirussoftwareguide.github.io/Norton/assets/img/logos/en/logo.png]
[antivirussoftwareguide.github.io/Norton/assets/img/uploads/logo/norton.png]
[antivirussoftwareguide.github.io/Norton/assets/img/icon/adware.png]
[antivirussoftwareguide.github.io/Norton/assets/img/icon/bug.png]
[antivirussoftwareguide.github.io/Norton/assets/img/icon/globe.png]
[antivirussoftwareguide.github.io/Norton/assets/img/icon/password.png]
[antivirussoftwareguide.github.io/Norton/assets/img/icon/clock.png]
[antivirussoftwareguide.github.io/Norton/assets/img/icon/glasses.png]
[antivirussoftwareguide.github.io/Norton/assets/img/icon/calendar.png]
[antivirussoftwareguide.github.io/Norton/assets/img/logos/AV-Test.png]
[antivirussoftwareguide.github.io/Norton/assets/img/logos/AV-Comparatives.png]
[antivirussoftwareguide.github.io/Norton/assets/img/icon/wall.png]
[antivirussoftwareguide.github.io/Norton/assets/img/icon/profile.png]
[antivirussoftwareguide.github.io/Norton/assets/img/icon/phone.png]
[antivirussoftwareguide.github.io/Norton/assets/img/icon/speech-bubble.png]
[antivirussoftwareguide.github.io/Norton/assets/img/icon/stars/1-5.png]
[antivirussoftwareguide.github.io/Norton/reviews/totalav.html]
[antivirussoftwareguide.github.io/Norton/assets/img/uploads/product/logo/total_av.png]
[antivirussoftwareguide.github.io/Norton/reviews/pcprotect.html]
[antivirussoftwareguide.github.io/Norton/assets/img/uploads/product/logo/pc_protect.png]
[antivirussoftwareguide.github.io/Norton/reviews/mcafee.html]
[antivirussoftwareguide.github.io/Norton/assets/img/uploads/product/logo/mcafee.png]
[antivirussoftwareguide.github.io/Norton/assets/img/uploads/product/logo/norton.png]
[antivirussoftwareguide.github.io/Norton/reviews/scanguard.html]
[antivirussoftwareguide.github.io/Norton/assets/img/uploads/product/logo/scanguard.png]
[antivirussoftwareguide.github.io/Norton/assets/img/uploads/product/featured/norton.png]
[antivirussoftwareguide.github.io/Norton/assets/js/frontend-external.min.js]
[antivirussoftwareguide.github.io/Norton/assets/ts/frontend.js]
[antivirussoftwareguide.github.io/Norton/reviews/norton.html]
[antivirussoftwareguide.github.io/Norton/assets/img/page-title-images/article-lander-page-title-image.jpg]
[antivirussoftwareguide.github.io/Norton/assets/css/frontend.min.css]
[antivirussoftwareguide.github.io/Norton/assets/img/uploads/review/featured/total_av1737383656.png]
[antivirussoftwareguide.github.io/Norton/assets/img/logos/VB100.png]
[antivirussoftwareguide.github.io/Norton/assets/img/icon/stacked-windows.png]
[antivirussoftwareguide.github.io/Norton/assets/img/icon/circle-tick.png]
[antivirussoftwareguide.github.io/Norton/assets/img/upsell-blocks/en/review-upsell-block.png]
[antivirussoftwareguide.github.io/Norton/assets/img/upsell-blocks/en/sidebar-upsell-block.png]
[antivirussoftwareguide.github.io/Norton/assets/img/icon/stars/5.png]
[antivirussoftwareguide.github.io/Norton/assets/img/uploads/product/featured/total_av.png]
[antivirussoftwareguide.github.io/Norton/reviews/totalav.html]
[antivirussoftwareguide.github.io/Norton/assets/img/uploads/review/featured/pc_protect1669924166.png]
[antivirussoftwareguide.github.io/Norton/assets/img/uploads/product/featured/pc_protect.png]
[antivirussoftwareguide.github.io/Norton/reviews/pcprotect.html]
[antivirussoftwareguide.github.io/Norton/assets/img/uploads/logo/mcafee.png]
[antivirussoftwareguide.github.io/Norton/assets/img/uploads/product/featured/mcafee.png]
[antivirussoftwareguide.github.io/Norton/reviews/mcafee.html]
[antivirussoftwareguide.github.io/Norton/assets/img/uploads/review/featured/scanguard1669924240.png]
[antivirussoftwareguide.github.io/Norton/assets/img/uploads/product/featured/scanguard.png]
[antivirussoftwareguide.github.io/Norton/reviews/scanguard.html]
